AnytimeSaveProbe v0.3.0-probe1
mode=READ-ONLY SAVE-PERMISSION PROBE
promise=original save-gate result is returned unchanged
note=only original-rejected snapshots are expanded below; no save is enabled
============================================================
startup.exe_base=0x00400000
startup: probe CALL hook installed; save permission remains original

================ SNAPSHOT #1 ================
original_save_gate_result=0x00000000 (0)
hook.runtime_entry_argument=0x0309ED04
hook.original_gate_source_record=0x151204F0
hook.original_gate_source_plus380=0x00000000 (0)
global.movement_result_468BF4=0x00000001 (1)
global.input_nav_gate_468BB9=00 (0)
event.saved_id_89F7F8=0x00000000 (0)
event.saved_key_a_89F7FC=0x00000000 (0)
event.saved_key_b_89F800=0x00000000 (0)
event.active_id_89F808=0x00000001 (1)
event.runtime_89F810=0x00000000 (0)
event.runtime_89F818=0x00000001 (1)
event.vm_continue_89F81D=00 (0)
event.vm_blocked_89F81E=00 (0)
event.entity_transition_89F828=0x00000000 (0)
event.current_command_89F830=0x0309E040 (50978880)
event.raw_89F7F0_89F83F=E4 12 08 03 01 00 00 00 00 00 00 00 00 00 00 00 00 00 00 00 70 ED 09 03 01 00 00 00 02 00 00 00 00 00 00 00 28 08 00 00 01 00 00 00 00 00 00 00 F0 0F 28 15 00 00 00 00 00 00 00 00 00 00 00 00 40 E0 09 03 00 00 00 00 00 00 00 00 00 00 00 00
save_display_name.pointer=0x03081530
save_display_name.raw30=BD 59 A8 46 B3 F9 20 A6 61 A4 55 A8 63 A9 D0 00 02 00 02 00 00 00 00 73 08 00 00 95 08 00
datacenter=0x0309ED70
map.manager=0x0309ED50
map.record_count=0x00000001 (1)
map.selected_index=0x00000000 (0)
map.raw_source_buffer=0x151204F0 (353502448)
map.runtime_array=0x0309ED04 (50982148)
map.first_entry.pointer=0x0309ED04
map.first_entry+0x00=0x151204F0 (353502448)
map.first_entry+0x04=0x0309ECC0 (50982080)
map.first_entry+0x08=0x00000000 (0)
map.first_entry+0x0C=0x0309EC30 (50981936)
map.first_entry+0x10=0x0309EBA0 (50981792)
map.first_entry+0x14=0x00000017 (23)
map.first_entry+0x18=0x0000000A (10)
map.first_entry+0x1C=0x00000021 (33)
map.first_entry+0x24=0x14441FE8 (340008936)
map.first_entry+0x28=0x14440A50 (340003408)
map.first_entry+0x2C=0x0309EB00 (50981632)
map.first_entry+0x30=0x0309B5D0 (50968016)
map.first_entry+0x35=01 00 00
map.selected_entry.pointer=0x0309ED04
map.selected_entry+0x00=0x151204F0 (353502448)
map.selected_entry+0x04=0x0309ECC0 (50982080)
map.selected_entry+0x08=0x00000000 (0)
map.selected_entry+0x0C=0x0309EC30 (50981936)
map.selected_entry+0x10=0x0309EBA0 (50981792)
map.selected_entry+0x14=0x00000017 (23)
map.selected_entry+0x18=0x0000000A (10)
map.selected_entry+0x1C=0x00000021 (33)
map.selected_entry+0x24=0x14441FE8 (340008936)
map.selected_entry+0x28=0x14440A50 (340003408)
map.selected_entry+0x2C=0x0309EB00 (50981632)
map.selected_entry+0x30=0x0309B5D0 (50968016)
map.selected_entry+0x35=01 00 00
map.source_record=0x151204F0
map.record_byte0=00
map.origin_x=0
map.origin_y=0
map.width=1600
map.height=1200
map.path_d9_hex=6D 70 30 36 30 34 5C 6D 6B 30 36 30 34 2E 53 46 32
map.path_13d_hex=6D 70 30 36 30 34 5C 6D 62 30 36 30 34 2E 53 46 32
map.entity_sci_hex=6D 70 30 36 30 34 5C 4E 50 B7 73 B9 CF 30 30 31 2E 53 43 49
map.eve_path_hex=6D 70 30 36 30 34 5C 6D 70 30 36 30 34 2E 65 76 65
map.encounter_enable_378=0x0000012C (300)
map.encounter_selector_37c=0x00000000 (0)
map.original_save_gate_380=0x00000000 (0)
map.code12_fallback_gate_384=0x00000000 (0)
map.collision_controller_entry_plus10=0x0309EBA0
map.collision_controller_dump=00 00 00 00 00 00 00 00 01 00 00 00 00 00 00 00 00 00 00 00 01 00 00 00 00 00 00 00 00 00 00 00 00 00 00 00 00 00 00 00 00 00 00 00 00 00 00 00 68 7F 43 14 68 7F 43 14 24 C2 43 14 A3 C2 43 14 0B C7 43 14 43 0A 44 14 28 C2 43 14 00 00 00 00 86 C2 43 14 00 00 00 00 A7 C2 43 14 00 00 00 00 00 00 00 00 FF FF FF FF 00 00 00 00 00 00 00 00 00 00 00 00 00 00 00 00 00 00 00 00 00 00 00 00 00 00 00 00
player.controlled_index=0x00000003 (3)
player.actor_array=0x030812E4 (50860772)
player.runtime=0x03081440
player.packed_0c=0x00070000 (458752)
player.x=1331 [0x00000533]
player.y=394 [0x0000018A]
player.packed_18=0x00070000 (458752)
player+0x3C=0x00000001 (1)
player+0x40=0x00000001 (1)
player+0x54=0x01000000 (16777216)
player+0x60=0x00000000 (0)
player+0x64=0x00000000 (0)
player+0x68=0x00000000 (0)
player+0x6C=0x030810A0 (50860192)
player+0x70=0x0319B735 (52016949)
player.source_entity=0x0319B735
player.source+73=07
player.source+74=00
player.source+75=00
player.source+76=01
player.source+77=00
player.source+78=00
player.source+79=00
player.source+7A=00
player.source+EA=00
player.source+EB=01
player.collision_controller=0x030810A0
player.collision_controller_dump=F3 03 00 00 86 00 00 00 7C 00 00 00 01 00 00 00 08 00 00 00 08 00 00 00 02 00 00 00 00 00 00 00 01 00 00 00 00 00 00 00 00 00 00 00 01 01 00 00 48 00 26 14 48 00 26 14 04 43 26 14 88 80 26 14 06 90 26 14 90 B0 2C 14 CC 48 26 14 08 00 00 00 2A 49 26 14 00 00 00 00 56 83 26 14 08 00 00 00 00 00 00 00 FF FF FF FF 00 00 00 00 00 00 00 00 00 00 00 00 00 00 00 00 00 00 00 00 00 00 00 00 00 00 00 00
entities.list_pointer=0x0309EB00
entities.last_index_raw=0x00000021 (33)
entity[0] ptr=0x0309EA80 x=0 y=0 packed0C=0x00000000 packed18=0x00000000 ctrl=0x0309E9F0 src=0x14440A50 s73=00 s74=01 s75=01 s76=00 sEA=00 sEB=00
entity[13] ptr=0x0309E860 x=1278 y=647 packed0C=0x00000000 packed18=0x00000000 ctrl=0x0309E7D0 src=0x1444265D s73=00 s74=00 s75=00 s76=00 sEA=00 sEB=00
entity[14] ptr=0x0309E750 x=1132 y=712 packed0C=0x00000000 packed18=0x00000000 ctrl=0x0309E6C0 src=0x14442884 s73=00 s74=00 s75=00 s76=00 sEA=00 sEB=00
entity[16] ptr=0x0309E530 x=1176 y=486 packed0C=0x00000000 packed18=0x00000000 ctrl=0x0309E4A0 src=0x14442CD2 s73=04 s74=00 s75=00 s76=00 sEA=00 sEB=00
entity[18] ptr=0x0309E310 x=1332 y=607 packed0C=0x00000000 packed18=0x00000000 ctrl=0x0309E280 src=0x14443120 s73=04 s74=00 s75=00 s76=00 sEA=00 sEB=13
entity[19] ptr=0x0309E200 x=1435 y=274 packed0C=0x00000000 packed18=0x00000000 ctrl=0x0309E170 src=0x14443347 s73=00 s74=01 s75=01 s76=00 sEA=15 sEB=00
entity[21] ptr=0x0309E0F0 x=1075 y=507 packed0C=0x00000000 packed18=0x00000000 ctrl=0x0309E060 src=0x14443795 s73=00 s74=00 s75=00 s76=00 sEA=00 sEB=00
entity[33] ptr=0x03081440 x=1331 y=394 packed0C=0x00070000 packed18=0x00070000 ctrl=0x030810A0 src=0x0319B735 s73=07 s74=00 s75=00 s76=01 sEA=00 sEB=01
================ END SNAPSHOT #1 ================

================ SNAPSHOT #2 ================
original_save_gate_result=0x00000000 (0)
hook.runtime_entry_argument=0x030828C4
hook.original_gate_source_record=0x14458698
hook.original_gate_source_plus380=0x00000000 (0)
global.movement_result_468BF4=0x00000001 (1)
global.input_nav_gate_468BB9=00 (0)
event.saved_id_89F7F8=0x00000000 (0)
event.saved_key_a_89F7FC=0x00000000 (0)
event.saved_key_b_89F800=0x00000000 (0)
event.active_id_89F808=0x00000001 (1)
event.runtime_89F810=0x00000000 (0)
event.runtime_89F818=0x00000001 (1)
event.vm_continue_89F81D=00 (0)
event.vm_blocked_89F81E=00 (0)
event.entity_transition_89F828=0x00000000 (0)
event.current_command_89F830=0x0309EFE0 (50982880)
event.raw_89F7F0_89F83F=E4 12 08 03 01 00 00 00 00 00 00 00 00 00 00 00 00 00 00 00 10 2A 08 03 01 00 00 00 02 00 00 00 00 00 00 00 28 08 00 00 01 00 00 00 00 00 00 00 70 50 2B 15 00 00 00 00 00 00 00 00 00 00 00 00 E0 EF 09 03 00 00 00 00 00 00 00 00 00 00 00 00
save_display_name.pointer=0x03081530
save_display_name.raw30=BD 59 A8 46 B3 F9 20 20 A4 40 BC D3 00 02 00 02 00 00 00 00 70 08 00 00 92 08 00 00 B4 08
datacenter=0x03082A10
map.manager=0x030829F0
map.record_count=0x00000005 (5)
map.selected_index=0x00000001 (1)
map.raw_source_buffer=0x14458698 (340100760)
map.runtime_array=0x030828C4 (50866372)
map.first_entry.pointer=0x030828C4
map.first_entry+0x00=0x14458698 (340100760)
map.first_entry+0x04=0x03082880 (50866304)
map.first_entry+0x08=0x00000000 (0)
map.first_entry+0x0C=0x030827F0 (50866160)
map.first_entry+0x10=0x03082760 (50866016)
map.first_entry+0x14=0x00000002 (2)
map.first_entry+0x18=0x0000000A (10)
map.first_entry+0x1C=0x0000000C (12)
map.first_entry+0x24=0x142F0210 (338625040)
map.first_entry+0x28=0x1534D008 (355782664)
map.first_entry+0x2C=0x03082720 (50865952)
map.first_entry+0x30=0x03082550 (50865488)
map.first_entry+0x35=01 00 00
map.selected_entry.pointer=0x030828FC
map.selected_entry+0x00=0x14458B0B (340101899)
map.selected_entry+0x04=0x03082880 (50866304)
map.selected_entry+0x08=0x00000000 (0)
map.selected_entry+0x0C=0x03087DD0 (50888144)
map.selected_entry+0x10=0x03087D40 (50888000)
map.selected_entry+0x14=0x0000000B (11)
map.selected_entry+0x18=0x0000000A (10)
map.selected_entry+0x1C=0x00000015 (21)
map.selected_entry+0x24=0x14253058 (337981528)
map.selected_entry+0x28=0x14251AC0 (337976000)
map.selected_entry+0x2C=0x03087CD0 (50887888)
map.selected_entry+0x30=0x030872D0 (50885328)
map.selected_entry+0x35=00 00 00
map.source_record=0x14458B0B
map.record_byte0=00
map.origin_x=0
map.origin_y=0
map.width=1885
map.height=1074
map.path_d9_hex=4D 50 30 36 30 35 5C 6D 6B 30 36 30 35 2D 31 2E 53 46 32
map.path_13d_hex=4D 50 30 36 30 35 5C 6D 62 30 36 30 35 2D 31 2E 53 46 32
map.entity_sci_hex=4D 50 30 36 30 35 5C 4E 50 31 2E 53 43 49
map.eve_path_hex=4D 50 30 36 30 35 5C 4D 50 30 36 30 35 2E 45 76 65
map.encounter_enable_378=0x0000012C (300)
map.encounter_selector_37c=0x00000FD0 (4048)
map.original_save_gate_380=0x00000000 (0)
map.code12_fallback_gate_384=0x00000000 (0)
map.collision_controller_entry_plus10=0x03087D40
map.collision_controller_dump=00 00 00 00 00 00 00 00 01 00 00 00 00 00 00 00 00 00 00 00 01 00 00 00 00 00 00 00 00 00 00 00 00 00 00 00 00 00 00 00 00 00 00 00 00 00 00 00 08 90 3D 15 08 90 3D 15 C4 D2 3D 15 43 D3 3D 15 5B D8 3D 15 38 19 3E 15 C8 D2 3D 15 00 00 00 00 26 D3 3D 15 00 00 00 00 47 D3 3D 15 00 00 00 00 00 00 00 00 FF FF FF FF 01 00 00 00 08 00 00 00 05 00 00 00 0A 00 00 00 0B 00 00 00 0B 00 00 00 00 00 00 00
player.controlled_index=0x00000003 (3)
player.actor_array=0x030812E4 (50860772)
player.runtime=0x03081440
player.packed_0c=0x00020100 (131328)
player.x=776 [0x00000308]
player.y=810 [0x0000032A]
player.packed_18=0x00020100 (131328)
player+0x3C=0x00000001 (1)
player+0x40=0x00000001 (1)
player+0x54=0x01000000 (16777216)
player+0x60=0x00000000 (0)
player+0x64=0x00000000 (0)
player+0x68=0x00000000 (0)
player+0x6C=0x030810A0 (50860192)
player+0x70=0x0319B735 (52016949)
player.source_entity=0x0319B735
player.source+73=07
player.source+74=00
player.source+75=00
player.source+76=01
player.source+77=00
player.source+78=00
player.source+79=00
player.source+7A=00
player.source+EA=00
player.source+EB=01
player.collision_controller=0x030810A0
player.collision_controller_dump=C8 01 00 00 26 02 00 00 7C 00 00 00 01 00 00 00 03 00 00 00 03 00 00 00 01 00 00 00 00 00 00 00 01 00 00 00 00 00 00 00 00 00 00 00 01 00 00 00 48 00 26 14 48 00 26 14 04 43 26 14 88 80 26 14 06 90 26 14 90 B0 2C 14 65 46 26 14 03 00 00 00 C3 46 26 14 00 00 00 00 CA 82 26 14 03 00 00 00 00 00 00 00 FF FF FF FF B7 01 00 00 4B 01 00 00 00 00 00 00 00 00 00 00 01 00 00 00 01 00 00 00 00 00 00 00
entities.list_pointer=0x03087CD0
entities.last_index_raw=0x00000015 (21)
entity[0] ptr=0x03087C50 x=0 y=0 packed0C=0x00000000 packed18=0x00000000 ctrl=0x03087BC0 src=0x14251AC0 s73=00 s74=01 s75=01 s76=00 sEA=00 sEB=00
entity[10] ptr=0x03087B40 x=574 y=676 packed0C=0x00000000 packed18=0x00000000 ctrl=0x03087AB0 src=0x14253058 s73=00 s74=01 s75=01 s76=00 sEA=0C sEB=00
entity[11] ptr=0x03087A30 x=283 y=731 packed0C=0x00000000 packed18=0x00000000 ctrl=0x030879A0 src=0x1425327F s73=00 s74=01 s75=01 s76=00 sEA=0D sEB=00
entity[12] ptr=0x03087920 x=1544 y=914 packed0C=0x00000000 packed18=0x00000000 ctrl=0x03087890 src=0x142534A6 s73=00 s74=01 s75=01 s76=00 sEA=0D sEB=00
entity[13] ptr=0x03087810 x=863 y=941 packed0C=0x00000000 packed18=0x00000000 ctrl=0x03087780 src=0x142536CD s73=04 s74=01 s75=01 s76=00 sEA=11 sEB=00
entity[21] ptr=0x03081440 x=776 y=810 packed0C=0x00020100 packed18=0x00020100 ctrl=0x030810A0 src=0x0319B735 s73=07 s74=00 s75=00 s76=01 sEA=00 sEB=01
================ END SNAPSHOT #2 ================

================ SNAPSHOT #3 ================
original_save_gate_result=0x00000000 (0)
hook.runtime_entry_argument=0x030828C4
hook.original_gate_source_record=0x14458698
hook.original_gate_source_plus380=0x00000000 (0)
global.movement_result_468BF4=0x00000001 (1)
global.input_nav_gate_468BB9=00 (0)
event.saved_id_89F7F8=0x00000000 (0)
event.saved_key_a_89F7FC=0x00000000 (0)
event.saved_key_b_89F800=0x00000000 (0)
event.active_id_89F808=0x00000001 (1)
event.runtime_89F810=0x00000000 (0)
event.runtime_89F818=0x00000001 (1)
event.vm_continue_89F81D=00 (0)
event.vm_blocked_89F81E=00 (0)
event.entity_transition_89F828=0x00000000 (0)
event.current_command_89F830=0x03082CA0 (50867360)
event.raw_89F7F0_89F83F=E4 12 08 03 01 00 00 00 00 00 00 00 00 00 00 00 00 00 00 00 10 2A 08 03 01 00 00 00 02 00 00 00 00 00 00 00 28 08 00 00 01 00 00 00 00 00 00 00 20 B0 1E 15 00 00 00 00 00 00 00 00 00 00 00 00 A0 2C 08 03 00 00 00 00 00 00 00 00 00 00 00 00
save_display_name.pointer=0x03081530
save_display_name.raw30=BD 59 A8 46 B3 F9 20 20 A4 40 BC D3 00 02 00 02 00 00 00 00 70 08 00 00 92 08 00 00 B4 08
datacenter=0x03082A10
map.manager=0x030829F0
map.record_count=0x00000005 (5)
map.selected_index=0x00000001 (1)
map.raw_source_buffer=0x14458698 (340100760)
map.runtime_array=0x030828C4 (50866372)
map.first_entry.pointer=0x030828C4
map.first_entry+0x00=0x14458698 (340100760)
map.first_entry+0x04=0x03082880 (50866304)
map.first_entry+0x08=0x00000000 (0)
map.first_entry+0x0C=0x030827F0 (50866160)
map.first_entry+0x10=0x03082760 (50866016)
map.first_entry+0x14=0x00000002 (2)
map.first_entry+0x18=0x0000000A (10)
map.first_entry+0x1C=0x0000000C (12)
map.first_entry+0x24=0x142F0210 (338625040)
map.first_entry+0x28=0x1534D008 (355782664)
map.first_entry+0x2C=0x03082720 (50865952)
map.first_entry+0x30=0x03082550 (50865488)
map.first_entry+0x35=01 00 00
map.selected_entry.pointer=0x030828FC
map.selected_entry+0x00=0x14458B0B (340101899)
map.selected_entry+0x04=0x03082880 (50866304)
map.selected_entry+0x08=0x00000000 (0)
map.selected_entry+0x0C=0x03087DD0 (50888144)
map.selected_entry+0x10=0x03087D40 (50888000)
map.selected_entry+0x14=0x0000000B (11)
map.selected_entry+0x18=0x0000000A (10)
map.selected_entry+0x1C=0x00000015 (21)
map.selected_entry+0x24=0x14253058 (337981528)
map.selected_entry+0x28=0x14251AC0 (337976000)
map.selected_entry+0x2C=0x03087CD0 (50887888)
map.selected_entry+0x30=0x030872D0 (50885328)
map.selected_entry+0x35=00 00 00
map.source_record=0x14458B0B
map.record_byte0=00
map.origin_x=0
map.origin_y=0
map.width=1885
map.height=1074
map.path_d9_hex=4D 50 30 36 30 35 5C 6D 6B 30 36 30 35 2D 31 2E 53 46 32
map.path_13d_hex=4D 50 30 36 30 35 5C 6D 62 30 36 30 35 2D 31 2E 53 46 32
map.entity_sci_hex=4D 50 30 36 30 35 5C 4E 50 31 2E 53 43 49
map.eve_path_hex=4D 50 30 36 30 35 5C 4D 50 30 36 30 35 2E 45 76 65
map.encounter_enable_378=0x0000012C (300)
map.encounter_selector_37c=0x00000FD0 (4048)
map.original_save_gate_380=0x00000000 (0)
map.code12_fallback_gate_384=0x00000000 (0)
map.collision_controller_entry_plus10=0x03087D40
map.collision_controller_dump=00 00 00 00 00 00 00 00 01 00 00 00 00 00 00 00 00 00 00 00 01 00 00 00 00 00 00 00 00 00 00 00 00 00 00 00 00 00 00 00 00 00 00 00 00 00 00 00 08 90 3D 15 08 90 3D 15 C4 D2 3D 15 43 D3 3D 15 5B D8 3D 15 38 19 3E 15 C8 D2 3D 15 00 00 00 00 26 D3 3D 15 00 00 00 00 47 D3 3D 15 00 00 00 00 00 00 00 00 FF FF FF FF 01 00 00 00 08 00 00 00 05 00 00 00 0A 00 00 00 0B 00 00 00 0B 00 00 00 00 00 00 00
player.controlled_index=0x00000003 (3)
player.actor_array=0x030812E4 (50860772)
player.runtime=0x03081440
player.packed_0c=0x00020100 (131328)
player.x=776 [0x00000308]
player.y=810 [0x0000032A]
player.packed_18=0x00020100 (131328)
player+0x3C=0x00000001 (1)
player+0x40=0x00000001 (1)
player+0x54=0x01000000 (16777216)
player+0x60=0x00000000 (0)
player+0x64=0x00000000 (0)
player+0x68=0x00000000 (0)
player+0x6C=0x030810A0 (50860192)
player+0x70=0x0319B735 (52016949)
player.source_entity=0x0319B735
player.source+73=07
player.source+74=00
player.source+75=00
player.source+76=01
player.source+77=00
player.source+78=00
player.source+79=00
player.source+7A=00
player.source+EA=00
player.source+EB=01
player.collision_controller=0x030810A0
player.collision_controller_dump=C8 01 00 00 26 02 00 00 7C 00 00 00 01 00 00 00 03 00 00 00 03 00 00 00 01 00 00 00 00 00 00 00 01 00 00 00 00 00 00 00 00 00 00 00 01 00 00 00 48 00 26 14 48 00 26 14 04 43 26 14 88 80 26 14 06 90 26 14 90 B0 2C 14 65 46 26 14 03 00 00 00 C3 46 26 14 00 00 00 00 CA 82 26 14 03 00 00 00 00 00 00 00 FF FF FF FF B7 01 00 00 4B 01 00 00 00 00 00 00 00 00 00 00 01 00 00 00 01 00 00 00 00 00 00 00
entities.list_pointer=0x03087CD0
entities.last_index_raw=0x00000015 (21)
entity[0] ptr=0x03087C50 x=0 y=0 packed0C=0x00000000 packed18=0x00000000 ctrl=0x03087BC0 src=0x14251AC0 s73=00 s74=01 s75=01 s76=00 sEA=00 sEB=00
entity[10] ptr=0x03087B40 x=574 y=676 packed0C=0x00000000 packed18=0x00000000 ctrl=0x03087AB0 src=0x14253058 s73=00 s74=01 s75=01 s76=00 sEA=0C sEB=00
entity[11] ptr=0x03087A30 x=283 y=731 packed0C=0x00000000 packed18=0x00000000 ctrl=0x030879A0 src=0x1425327F s73=00 s74=01 s75=01 s76=00 sEA=0D sEB=00
entity[12] ptr=0x03087920 x=1544 y=914 packed0C=0x00000000 packed18=0x00000000 ctrl=0x03087890 src=0x142534A6 s73=00 s74=01 s75=01 s76=00 sEA=0D sEB=00
entity[13] ptr=0x03087810 x=863 y=941 packed0C=0x00000000 packed18=0x00000000 ctrl=0x03087780 src=0x142536CD s73=04 s74=01 s75=01 s76=00 sEA=11 sEB=00
entity[21] ptr=0x03081440 x=776 y=810 packed0C=0x00020100 packed18=0x00020100 ctrl=0x030810A0 src=0x0319B735 s73=07 s74=00 s75=00 s76=01 sEA=00 sEB=01
================ END SNAPSHOT #3 ================

================ SNAPSHOT #4 ================
original_save_gate_result=0x00000000 (0)
hook.runtime_entry_argument=0x0308D6E4
hook.original_gate_source_record=0x151F9B58
hook.original_gate_source_plus380=0x00000000 (0)
global.movement_result_468BF4=0x00000001 (1)
global.input_nav_gate_468BB9=00 (0)
event.saved_id_89F7F8=0x00000000 (0)
event.saved_key_a_89F7FC=0x00000000 (0)
event.saved_key_b_89F800=0x00000000 (0)
event.active_id_89F808=0x00000001 (1)
event.runtime_89F810=0x00000000 (0)
event.runtime_89F818=0x00000001 (1)
event.vm_continue_89F81D=00 (0)
event.vm_blocked_89F81E=00 (0)
event.entity_transition_89F828=0x00000000 (0)
event.current_command_89F830=0x0308D050 (50909264)
event.raw_89F7F0_89F83F=E4 12 08 03 01 00 00 00 00 00 00 00 00 00 00 00 00 00 00 00 50 D7 08 03 01 00 00 00 02 00 00 00 00 00 00 00 28 08 00 00 01 00 00 00 00 00 00 00 30 47 2B 15 00 00 00 00 00 00 00 00 0A 00 00 00 50 D0 08 03 00 00 00 00 00 00 00 00 00 00 00 00
save_display_name.pointer=0x03081530
save_display_name.raw30=B2 44 A6 7B AB C8 B4 CC 00 02 00 02 00 00 00 00 6C 08 00 00 8E 08 00 00 B0 08 00 00 D2 08
datacenter=0x0308D750
map.manager=0x0308D730
map.record_count=0x00000001 (1)
map.selected_index=0x00000000 (0)
map.raw_source_buffer=0x151F9B58 (354392920)
map.runtime_array=0x0308D6E4 (50910948)
map.first_entry.pointer=0x0308D6E4
map.first_entry+0x00=0x151F9B58 (354392920)
map.first_entry+0x04=0x0308D6A0 (50910880)
map.first_entry+0x08=0x00000000 (0)
map.first_entry+0x0C=0x0308D610 (50910736)
map.first_entry+0x10=0x0308D580 (50910592)
map.first_entry+0x14=0x00000023 (35)
map.first_entry+0x18=0x0000000A (10)
map.first_entry+0x1C=0x0000002D (45)
map.first_entry+0x24=0x160A4170 (369770864)
map.first_entry+0x28=0x152B3198 (355152280)
map.first_entry+0x2C=0x0308D4B0 (50910384)
map.first_entry+0x30=0x0308C380 (50905984)
map.first_entry+0x35=01 00 00
map.selected_entry.pointer=0x0308D6E4
map.selected_entry+0x00=0x151F9B58 (354392920)
map.selected_entry+0x04=0x0308D6A0 (50910880)
map.selected_entry+0x08=0x00000000 (0)
map.selected_entry+0x0C=0x0308D610 (50910736)
map.selected_entry+0x10=0x0308D580 (50910592)
map.selected_entry+0x14=0x00000023 (35)
map.selected_entry+0x18=0x0000000A (10)
map.selected_entry+0x1C=0x0000002D (45)
map.selected_entry+0x24=0x160A4170 (369770864)
map.selected_entry+0x28=0x152B3198 (355152280)
map.selected_entry+0x2C=0x0308D4B0 (50910384)
map.selected_entry+0x30=0x0308C380 (50905984)
map.selected_entry+0x35=01 00 00
map.source_record=0x151F9B58
map.record_byte0=00
map.origin_x=0
map.origin_y=0
map.width=1536
map.height=1152
map.path_d9_hex=6D 70 30 34 30 32 5C 6D 6B 30 34 30 32 2E 53 46 32
map.path_13d_hex=6D 70 30 34 30 32 5C 6D 62 30 34 30 32 2E 53 46 32
map.entity_sci_hex=6D 70 30 34 30 32 5C 4E 50 B7 73 B9 CF 30 30 32 2E 53 43 49
map.eve_path_hex=6D 70 30 34 30 32 5C 6D 70 30 34 30 32 2E 65 76 65
map.encounter_enable_378=0x00000000 (0)
map.encounter_selector_37c=0x00000000 (0)
map.original_save_gate_380=0x00000000 (0)
map.code12_fallback_gate_384=0x00000000 (0)
map.collision_controller_entry_plus10=0x0308D580
map.collision_controller_dump=00 00 00 00 00 00 00 00 01 00 00 00 00 00 00 00 00 00 00 00 01 00 00 00 00 00 00 00 00 00 00 00 00 00 00 00 00 00 00 00 00 00 00 00 00 00 00 00 B8 A7 09 16 B8 A7 09 16 74 EA 09 16 F3 EA 09 16 AB EE 09 16 62 41 0A 16 78 EA 09 16 00 00 00 00 D6 EA 09 16 00 00 00 00 F7 EA 09 16 00 00 00 00 00 00 00 00 FF FF FF FF 00 00 00 00 00 00 00 00 4D 65 6E 75 73 5C 4D 45 4E 38 30 30 36 2E 53 46 00 00 00 00
player.controlled_index=0x00000003 (3)
player.actor_array=0x030812E4 (50860772)
player.runtime=0x03081440
player.packed_0c=0x00070100 (459008)
player.x=639 [0x0000027F]
player.y=337 [0x00000151]
player.packed_18=0x00070100 (459008)
player+0x3C=0x00000001 (1)
player+0x40=0x00000001 (1)
player+0x54=0x01000000 (16777216)
player+0x60=0x00000000 (0)
player+0x64=0x00000000 (0)
player+0x68=0x00000000 (0)
player+0x6C=0x030810A0 (50860192)
player+0x70=0x0319B735 (52016949)
player.source_entity=0x0319B735
player.source+73=07
player.source+74=00
player.source+75=00
player.source+76=01
player.source+77=00
player.source+78=00
player.source+79=00
player.source+7A=00
player.source+EA=00
player.source+EB=01
player.collision_controller=0x030810A0
player.collision_controller_dump=3F 01 00 00 4D 00 00 00 7C 00 00 00 01 00 00 00 08 00 00 00 08 00 00 00 00 00 00 00 00 00 00 00 01 00 00 00 00 00 00 00 00 00 00 00 01 00 00 00 48 00 26 14 48 00 26 14 04 43 26 14 88 80 26 14 06 90 26 14 90 B0 2C 14 CC 48 26 14 08 00 00 00 2A 49 26 14 00 00 00 00 56 83 26 14 08 00 00 00 00 00 00 00 FF FF FF FF B7 01 00 00 4B 01 00 00 00 00 00 00 00 00 00 00 01 00 00 00 01 00 00 00 00 00 00 00
entities.list_pointer=0x0308D4B0
entities.last_index_raw=0x0000002D (45)
entity[0] ptr=0x0308D430 x=0 y=0 packed0C=0x00000000 packed18=0x00000000 ctrl=0x0308D3A0 src=0x152B3198 s73=00 s74=01 s75=01 s76=00 sEA=00 sEB=00
entity[11] ptr=0x0308D210 x=878 y=360 packed0C=0x00000000 packed18=0x00000000 ctrl=0x0308D180 src=0x160A4397 s73=04 s74=00 s75=00 s76=00 sEA=00 sEB=0B
entity[12] ptr=0x0308D100 x=446 y=403 packed0C=0x00000000 packed18=0x00000000 ctrl=0x0308D070 src=0x160A45BE s73=04 s74=00 s75=00 s76=00 sEA=00 sEB=0B
entity[14] ptr=0x03089E70 x=626 y=942 packed0C=0x00000000 packed18=0x00000000 ctrl=0x03089DE0 src=0x160A4A0C s73=00 s74=01 s75=01 s76=00 sEA=0E sEB=00
entity[15] ptr=0x03089D60 x=643 y=317 packed0C=0x00000000 packed18=0x00000000 ctrl=0x03089CD0 src=0x160A4C33 s73=04 s74=00 s75=00 s76=00 sEA=00 sEB=11
entity[32] ptr=0x0308CD60 x=751 y=653 packed0C=0x00000000 packed18=0x00000000 ctrl=0x0308CCD0 src=0x160A70CA s73=03 s74=00 s75=00 s76=00 sEA=00 sEB=3B
entity[45] ptr=0x03081440 x=639 y=337 packed0C=0x00070100 packed18=0x00070100 ctrl=0x030810A0 src=0x0319B735 s73=07 s74=00 s75=00 s76=01 sEA=00 sEB=01
================ END SNAPSHOT #4 ================

================ SNAPSHOT #5 ================
original_save_gate_result=0x00000000 (0)
hook.runtime_entry_argument=0x03087CE4
hook.original_gate_source_record=0x142F0210
hook.original_gate_source_plus380=0x00000000 (0)
global.movement_result_468BF4=0x00000001 (1)
global.input_nav_gate_468BB9=00 (0)
event.saved_id_89F7F8=0x00000000 (0)
event.saved_key_a_89F7FC=0x00000000 (0)
event.saved_key_b_89F800=0x00000000 (0)
event.active_id_89F808=0x00000001 (1)
event.runtime_89F810=0x00000000 (0)
event.runtime_89F818=0x00000001 (1)
event.vm_continue_89F81D=00 (0)
event.vm_blocked_89F81E=00 (0)
event.entity_transition_89F828=0x00000000 (0)
event.current_command_89F830=0x030FBB50 (51362640)
event.raw_89F7F0_89F83F=E4 12 08 03 01 00 00 00 00 00 00 00 00 00 00 00 00 00 00 00 50 7D 08 03 01 00 00 00 02 00 00 00 00 00 00 00 28 08 00 00 01 00 00 00 00 00 00 00 F8 0F 09 16 00 00 00 00 00 00 00 00 0A 00 00 00 50 BB 0F 03 00 00 00 00 00 00 00 00 00 00 00 00
save_display_name.pointer=0x03081530
save_display_name.raw30=B2 44 A6 7B AB B0 00 02 00 02 00 00 00 00 6A 08 00 00 8C 08 00 00 AE 08 00 00 D0 08 00 00
datacenter=0x03087D50
map.manager=0x03087D30
map.record_count=0x00000001 (1)
map.selected_index=0x00000000 (0)
map.raw_source_buffer=0x142F0210 (338625040)
map.runtime_array=0x03087CE4 (50887908)
map.first_entry.pointer=0x03087CE4
map.first_entry+0x00=0x142F0210 (338625040)
map.first_entry+0x04=0x03087CA0 (50887840)
map.first_entry+0x08=0x00000000 (0)
map.first_entry+0x0C=0x03087C10 (50887696)
map.first_entry+0x10=0x03087B80 (50887552)
map.first_entry+0x14=0x0000008B (139)
map.first_entry+0x18=0x0000000A (10)
map.first_entry+0x1C=0x00000095 (149)
map.first_entry+0x24=0x16062008 (369500168)
map.first_entry+0x28=0x15347DA8 (355761576)
map.first_entry+0x2C=0x03087910 (50886928)
map.first_entry+0x30=0x030FBB70 (51362672)
map.first_entry+0x35=01 00 00
map.selected_entry.pointer=0x03087CE4
map.selected_entry+0x00=0x142F0210 (338625040)
map.selected_entry+0x04=0x03087CA0 (50887840)
map.selected_entry+0x08=0x00000000 (0)
map.selected_entry+0x0C=0x03087C10 (50887696)
map.selected_entry+0x10=0x03087B80 (50887552)
map.selected_entry+0x14=0x0000008B (139)
map.selected_entry+0x18=0x0000000A (10)
map.selected_entry+0x1C=0x00000095 (149)
map.selected_entry+0x24=0x16062008 (369500168)
map.selected_entry+0x28=0x15347DA8 (355761576)
map.selected_entry+0x2C=0x03087910 (50886928)
map.selected_entry+0x30=0x030FBB70 (51362672)
map.selected_entry+0x35=01 00 00
map.source_record=0x142F0210
map.record_byte0=00
map.origin_x=0
map.origin_y=0
map.width=3840
map.height=1440
map.path_d9_hex=6D 70 30 34 30 31 5C 6D 6B 30 34 30 31 2E 53 46 32
map.path_13d_hex=6D 70 30 34 30 31 5C 6D 62 30 34 30 31 2E 53 46 32
map.entity_sci_hex=6D 70 30 34 30 31 5C 4E 50 B7 73 B9 CF 30 30 35 2E 53 43 49
map.eve_path_hex=6D 70 30 34 30 31 5C 6D 70 30 34 30 31 2E 65 76 65
map.encounter_enable_378=0x00000000 (0)
map.encounter_selector_37c=0x00000000 (0)
map.original_save_gate_380=0x00000000 (0)
map.code12_fallback_gate_384=0x00000000 (0)
map.collision_controller_entry_plus10=0x03087B80
map.collision_controller_dump=00 00 00 00 00 00 00 00 01 00 00 00 00 00 00 00 00 00 00 00 01 00 00 00 00 00 00 00 00 00 00 00 00 00 00 00 00 00 00 00 00 00 00 00 00 00 00 00 08 45 44 14 08 45 44 14 C4 87 44 14 43 88 44 14 6F 96 44 14 D1 9E 45 14 C8 87 44 14 00 00 00 00 26 88 44 14 00 00 00 00 47 88 44 14 00 00 00 00 01 00 00 00 FF FF FF FF 29 00 00 00 2E 00 00 00 18 00 00 00 04 00 00 00 0B 00 00 00 0B 00 00 00 00 00 00 00
player.controlled_index=0x00000003 (3)
player.actor_array=0x030812E4 (50860772)
player.runtime=0x03081440
player.packed_0c=0x00000100 (256)
player.x=1947 [0x0000079B]
player.y=484 [0x000001E4]
player.packed_18=0x00000100 (256)
player+0x3C=0x00000001 (1)
player+0x40=0x00000001 (1)
player+0x54=0x01000000 (16777216)
player+0x60=0x00000000 (0)
player+0x64=0x00000000 (0)
player+0x68=0x00000000 (0)
player+0x6C=0x030810A0 (50860192)
player+0x70=0x0319B735 (52016949)
player.source_entity=0x0319B735
player.source+73=07
player.source+74=00
player.source+75=00
player.source+76=01
player.source+77=00
player.source+78=00
player.source+79=00
player.source+7A=00
player.source+EA=00
player.source+EB=01
player.collision_controller=0x030810A0
player.collision_controller_dump=5B 06 00 00 E0 00 00 00 7C 00 00 00 01 00 00 00 01 00 00 00 01 00 00 00 00 00 00 00 00 00 00 00 01 00 00 00 00 00 00 00 00 00 00 00 01 00 00 00 48 00 26 14 48 00 26 14 04 43 26 14 88 80 26 14 06 90 26 14 90 B0 2C 14 6F 45 26 14 01 00 00 00 CD 45 26 14 00 00 00 00 92 82 26 14 01 00 00 00 00 00 00 00 FF FF FF FF AE 01 00 00 54 01 00 00 00 00 00 00 00 00 00 00 01 00 00 00 01 00 00 00 00 00 00 00
entities.list_pointer=0x03087910
entities.last_index_raw=0x00000095 (149)
entity[0] ptr=0x03087890 x=0 y=0 packed0C=0x00000000 packed18=0x00000000 ctrl=0x03087800 src=0x15347DA8 s73=00 s74=01 s75=01 s76=00 sEA=00 sEB=00
entity[27] ptr=0x03085290 x=1706 y=315 packed0C=0x00000000 packed18=0x00000000 ctrl=0x03085200 src=0x1606449F s73=00 s74=00 s75=00 s76=00 sEA=00 sEB=00
entity[43] ptr=0x03086120 x=1976 y=778 packed0C=0x00000000 packed18=0x00000000 ctrl=0x03086090 src=0x1606670F s73=00 s74=00 s75=00 s76=00 sEA=00 sEB=00
entity[50] ptr=0x0308DBC0 x=2191 y=454 packed0C=0x00000000 packed18=0x00000000 ctrl=0x0308DB30 src=0x16067620 s73=00 s74=00 s75=00 s76=00 sEA=00 sEB=00
entity[56] ptr=0x03088B40 x=2189 y=315 packed0C=0x00000000 packed18=0x00000000 ctrl=0x03088AB0 src=0x1606830A s73=00 s74=00 s75=00 s76=00 sEA=00 sEB=00
entity[68] ptr=0x0308FE70 x=1893 y=250 packed0C=0x00000000 packed18=0x00000000 ctrl=0x0308FDE0 src=0x16069CDE s73=00 s74=00 s75=00 s76=00 sEA=00 sEB=00
entity[72] ptr=0x0308FA30 x=2724 y=374 packed0C=0x00000000 packed18=0x00000000 ctrl=0x0308F9A0 src=0x1606A57A s73=00 s74=01 s75=01 s76=00 sEA=10 sEB=00
entity[73] ptr=0x0308F920 x=575 y=479 packed0C=0x00000000 packed18=0x00000000 ctrl=0x0308F890 src=0x1606A7A1 s73=00 s74=01 s75=01 s76=00 sEA=0D sEB=00
entity[74] ptr=0x0308F810 x=2984 y=470 packed0C=0x00000000 packed18=0x00000000 ctrl=0x0308F780 src=0x1606A9C8 s73=00 s74=01 s75=01 s76=00 sEA=0F sEB=00
entity[75] ptr=0x0308F700 x=1885 y=207 packed0C=0x00000000 packed18=0x00000000 ctrl=0x0308F670 src=0x1606ABEF s73=00 s74=01 s75=01 s76=00 sEA=0E sEB=00
entity[91] ptr=0x0308B5F0 x=1882 y=643 packed0C=0x00060002 packed18=0x00060002 ctrl=0x0308B560 src=0x1606CE5F s73=00 s74=00 s75=00 s76=03 sEA=00 sEB=00
entity[93] ptr=0x0308B4E0 x=267 y=954 packed0C=0x00000000 packed18=0x00000000 ctrl=0x0308B450 src=0x1606D2AD s73=00 s74=01 s75=01 s76=00 sEA=0B sEB=00
entity[94] ptr=0x0308B3D0 x=3582 y=872 packed0C=0x00000000 packed18=0x00000000 ctrl=0x0308B340 src=0x1606D4D4 s73=00 s74=01 s75=01 s76=00 sEA=0C sEB=00
entity[95] ptr=0x0308B2C0 x=267 y=954 packed0C=0x00000000 packed18=0x00000000 ctrl=0x0308B230 src=0x1606D6FB s73=00 s74=01 s75=01 s76=00 sEA=0B sEB=00
================ END SNAPSHOT #5 ================
shutdown
